// Jest Snapshot v1, https://goo.gl/fbAQLP

exports[`Tests on FirstApp Component should match with the snapshot 1`] = `
<div>
  <h1>
    Anime App
  </h1>
  <h2>
    Title: 
    Inuyasha!
  </h2>
  <h3>
    Episode: 
    Seshomaru ataca de nuevo...
  </h3>
</div>
`;
